// Jest Snapshot v1, https://goo.gl/fbAQLP

exports[`renders  should take a snapshot 1`] = `
<DocumentFragment>
  <div
    class="App"
  >
    <div
      class="Toastify"
    />
    <div
      class="App-section"
    >
      <h2>
        NGC 6357: Cathedral to Massive Stars
      </h2>
      <div
        class="picture-container"
      >
        <div
          class="picture-viewer"
        >
          <button
            class="arrow-button"
          >
            <svg
              fill="currentColor"
              height="50"
              size="50"
              stroke="currentColor"
              stroke-width="0"
              viewBox="0 0 512 512"
              width="50"
              xmlns="http://www.w3.org/2000/svg"
            >
              <path
                d="M256 504C119 504 8 393 8 256S119 8 256 8s248 111 248 248-111 248-248 248zM142.1 273l135.5 135.5c9.4 9.4 24.6 9.4 33.9 0l17-17c9.4-9.4 9.4-24.6 0-33.9L226.9 256l101.6-101.6c9.4-9.4 9.4-24.6 0-33.9l-17-17c-9.4-9.4-24.6-9.4-33.9 0L142.1 239c-9.4 9.4-9.4 24.6 0 34z"
              />
            </svg>
          </button>
          <div>
            <img
              alt="APOD"
              class="image"
              src="https://apod.nasa.gov/apod/image/2008/ngc6357_hubble_960.jpg"
            />
            <div
              class="favourite-today-group"
            >
              <button
                class="favourite-button"
              >
                <span>
                  Favourite
                  <svg
                    class="icon"
                    fill="currentColor"
                    height="20"
                    size="20"
                    stroke="currentColor"
                    stroke-width="0"
                    viewBox="0 0 576 512"
                    width="20"
                    xmlns="http://www.w3.org/2000/svg"
                  >
                    <path
                      d="M259.3 17.8L194 150.2 47.9 171.5c-26.2 3.8-36.7 36.1-17.7 54.6l105.7 103-25 145.5c-4.5 26.3 23.2 46 46.4 33.7L288 439.6l130.7 68.7c23.2 12.2 50.9-7.4 46.4-33.7l-25-145.5 105.7-103c19-18.5 8.5-50.8-17.7-54.6L382 150.2 316.7 17.8c-11.7-23.6-45.6-23.9-57.4 0z"
                    />
                  </svg>
                </span>
              </button>
              <input
                type="date"
                value="2020-09-09"
              />
              <button
                class="clear-button"
              >
                <span>
                  Clear all favourites
                  <svg
                    class="icon trash-icon"
                    fill="currentColor"
                    height="20"
                    size="20"
                    stroke="currentColor"
                    stroke-width="0"
                    viewBox="0 0 448 512"
                    width="20"
                    xmlns="http://www.w3.org/2000/svg"
                  >
                    <path
                      d="M432 32H312l-9.4-18.7A24 24 0 0 0 281.1 0H166.8a23.72 23.72 0 0 0-21.4 13.3L136 32H16A16 16 0 0 0 0 48v32a16 16 0 0 0 16 16h416a16 16 0 0 0 16-16V48a16 16 0 0 0-16-16zM53.2 467a48 48 0 0 0 47.9 45h245.8a48 48 0 0 0 47.9-45L416 128H32z"
                    />
                  </svg>
                </span>
              </button>
            </div>
          </div>
          <button
            class="arrow-button"
          >
            <svg
              fill="currentColor"
              height="50"
              size="50"
              stroke="currentColor"
              stroke-width="0"
              viewBox="0 0 512 512"
              width="50"
              xmlns="http://www.w3.org/2000/svg"
            >
              <path
                d="M256 8c137 0 248 111 248 248S393 504 256 504 8 393 8 256 119 8 256 8zm113.9 231L234.4 103.5c-9.4-9.4-24.6-9.4-33.9 0l-17 17c-9.4 9.4-9.4 24.6 0 33.9L285.1 256 183.5 357.6c-9.4 9.4-9.4 24.6 0 33.9l17 17c9.4 9.4 24.6 9.4 33.9 0L369.9 273c9.4-9.4 9.4-24.6 0-34z"
              />
            </svg>
          </button>
        </div>
      </div>
      <p
        class="description"
      >
        How massive can a normal star be?  Estimates made from distance, brightness and standard solar models had given one star in the open cluster Pismis 24 over 200 times the mass of our Sun, making it one of the most massive stars known.  This star is the brightest object located just above the gas front in the featured image.  Close inspection of images taken with the Hubble Space Telescope, however, have shown that Pismis 24-1 derives its brilliant luminosity not from a single star but from three at least.  Component stars would still remain near 100 solar masses, making them among the more massive stars currently on record.  Toward the bottom of the image, stars are still forming in the associated emission nebula NGC 6357. Appearing perhaps like a Gothic cathedral, energetic stars near the center appear to be breaking out and illuminating a spectacular cocoon.   Teachers & Students: Ideas for Utilizing APOD in the Classroom
      </p>
    </div>
  </div>
</DocumentFragment>
`;
